---
source: crates/acidtrip-core/tests/tools_brush.rs
expression: all
---
── Ink

                          ▄▄▄▄▄▄
                      ░▄▒▀▀    ▀▀▀▄▄
 ░                  ▄▒▀            ▀▀▄▄
 ▀▀▄             ▄▄▀                  ▀
    ▀▀▄▄     ▄▄▄▀▀
       ▀▀▀▀▀▀▀

── Brush pen

                         ▄▄▄▄▄▄▄▄
                      ▄▄█▀▀▀▀▀▀▀▀▓█▄
                   ▄▄█▀▀           ▀▀▄
 ░▀▄▄           ▄▄█▀▀
   ░▀█▄▄▄▄▄▄▄▄▄█▀▀
      ▀▀▀▀▀▀▀▀▀

── Marker

                        ░▄▄▄▄▄▄▄▄▄
                     ░▄██▀▀▀▀▀▀▀▀██▄▄
 ▄▄                ▄██▀▀          ▀▀██▄
░▀██▄▄          ▄▄██▀                ▀▀
   ▀▀██▄▄▄▄▄▄▄▄██▀▀
      ▀▀▀▀▀▀▀▀▀

── Calligraphy

                        ░▄▄▄▄▄▄▄▄
                     ▄▄███▀▀▀▀▀▀▀▀▄▄
                  ░▄██▀▀            ▀▄
 ░▀▄            ▄▄██▀                 ▀
    ▀▀▄▄▄▄▄▄▄▄▄██▀▀
       ▀▀▀▀▀▀▀▀▀

── Airbrush

                         ▒▒▒▒▒▒▒▒░
                     ░▒▒▓▒▒▒░░▒▒▒▓▓▒▒
 ░                 ▒▒▓▒▒          ░▒▓▓▒
 ▒▓▒▒           ▒▒▓▒▒                ░
   ▒▒▓▒▒▒▒░░▒▒▒▓▒▒
      ░▒▒▒▒▒▒▒▒

── Soft shade

                         ░▒▒▒▒▒▒░
                      ▒▒▒▒▒░   ░▒▒▒▒░
 ▒                 ░▒▒▒            ▒▒▒▒
 ▒▒▒▒           ░▒▒▒▒                 ░
   ░▒▒▒▒░   ░▒▒▒▒▒
       ░▒▒▒▒▒▒

── Chalk

                         ░ ░▄▄▄▄
                      ░▄▓▒▀ ▀▀▀▀▀▒▒▄▄
░▄                 ▄▄▒▒▀            ▒▓▄
 ▀▒▒▄            ░▄▒▀                ▀▀
   ▀▀▒▒▒ ▄  ▄▄░▒▀▀▀
      ▀▀▀ ▀▒▀▀▀

── Spray
                            ∙
                         °•∙•○○°∙•∙
                     ∙∙○○○○∙∙ •∙○○○○∙
∙ ∙∙              ∙°°°○°∙         ∙°○°°
 °○•○°•        ∙∙°○°°∙               ∙°
  ∙∙○∙○∙•○∙∙○○○∙•○∙
      ∙°°°○∙∙°∙∙

── ASCII

                          _______
                      __*^^    ^^*o_
                    _*^            ^^o_
 ^*__            _*^                  ^
    ^*o__    __*8^
       ^^^^^^^

── Line art

                           ┌────┐
                       ┌───┘    └───┐
                    ┌──┘            └─┐
 ───┐            ┌──┘                 │
    └───┐     ┌──┘
        └─────┘
