---
source: crates/acidtrip-core/tests/tools_snapshot.rs
expression: text(&d)
---
╔══════════════════════════════════════╗
║ ┌────────────┐       oooooooooo      ║
║ │            │    ooo░░░░░░░░░░ooo   ║
║ │ acidtrip   │   o░░░░░░░░░░░░░░░░o  ║
║ │            │  o░░░░░░░░░░░░░░░░░░o ║
║ └────────────┘   o░░░░░░░░░░░░░░░░o  ║
║    ▄█████▄        ooo░░░░░░░░░░ooo   ║
║  ▄█████████▄         oooooooooo      ║
║  ███████████                         ║
║   ▀███████▀     **********           ║
║     ▀▀▀▀▀                 ********** ║
╚══════════════════════════════════════╝
